#! /usr/local/bin/vvp
:ivl_version "13.0 (devel)" "(s20221226-318-g778b6d937)";
:ivl_delay_selection "TYPICAL";
:vpi_time_precision + 0;
:vpi_module "/usr/local/lib/ivl/system.vpi";
:vpi_module "/usr/local/lib/ivl/vhdl_sys.vpi";
:vpi_module "/usr/local/lib/ivl/vhdl_textio.vpi";
:vpi_module "/usr/local/lib/ivl/v2005_math.vpi";
:vpi_module "/usr/local/lib/ivl/va_math.vpi";
S_0x55c416e36e40 .scope module, "b11" "b11" 2 2;
 .timescale 0 0;
    .port_info 0 /INPUT 6 "x_in";
    .port_info 1 /INPUT 1 "stbi";
    .port_info 2 /INPUT 1 "clock";
    .port_info 3 /INPUT 1 "reset";
    .port_info 4 /OUTPUT 6 "x_out";
    .port_info 5 /INPUT 1 "__obs";
o0x7f1feec43018 .functor BUFZ 1, C4<z>; HiZ drive
v0x55c416e37010_0 .net "__obs", 0 0, o0x7f1feec43018;  0 drivers
o0x7f1feec43048 .functor BUFZ 1, C4<z>; HiZ drive
v0x55c416ea3150_0 .net "clock", 0 0, o0x7f1feec43048;  0 drivers
v0x55c416ea3210_0 .var "cont", 5 0;
v0x55c416ea32d0_0 .var/s "cont1", 8 0;
v0x55c416ea33b0_0 .var/s "cont1_inv", 8 0;
v0x55c416ea3490_0 .var "r_in", 5 0;
o0x7f1feec43138 .functor BUFZ 1, C4<z>; HiZ drive
v0x55c416ea3570_0 .net "reset", 0 0, o0x7f1feec43138;  0 drivers
v0x55c416ea3630_0 .var "stato", 3 0;
o0x7f1feec43198 .functor BUFZ 1, C4<z>; HiZ drive
v0x55c416ea3710_0 .net "stbi", 0 0, o0x7f1feec43198;  0 drivers
o0x7f1feec431c8 .functor BUFZ 6, C4<zzzzzz>; HiZ drive
v0x55c416ea37d0_0 .net "x_in", 5 0, o0x7f1feec431c8;  0 drivers
v0x55c416ea38b0_0 .var "x_out", 5 0;
E_0x55c416e70000 .event posedge, v0x55c416ea3150_0;
E_0x55c416e37660 .event anyedge, v0x55c416ea32d0_0;
    .scope S_0x55c416e36e40;
T_0 ;
    %pushi/vec4 0, 0, 6;
    %store/vec4 v0x55c416ea3210_0, 0, 6;
    %pushi/vec4 0, 0, 9;
    %store/vec4 v0x55c416ea32d0_0, 0, 9;
    %pushi/vec4 0, 0, 9;
    %store/vec4 v0x55c416ea33b0_0, 0, 9;
    %pushi/vec4 0, 0, 6;
    %store/vec4 v0x55c416ea3490_0, 0, 6;
    %pushi/vec4 0, 0, 4;
    %store/vec4 v0x55c416ea3630_0, 0, 4;
    %pushi/vec4 0, 0, 6;
    %store/vec4 v0x55c416ea38b0_0, 0, 6;
    %end;
    .thread T_0;
    .scope S_0x55c416e36e40;
T_1 ;
    %wait E_0x55c416e37660;
    %pushi/vec4 0, 0, 9;
    %load/vec4 v0x55c416ea32d0_0;
    %sub;
    %store/vec4 v0x55c416ea33b0_0, 0, 9;
    %vpi_call 2 18 "$display", ";A 0" {0 0 0};
    %jmp T_1;
    .thread T_1, $push;
    .scope S_0x55c416e36e40;
T_2 ;
    %wait E_0x55c416e70000;
    %load/vec4 v0x55c416ea3570_0;
    %cmpi/e 1, 0, 1;
    %jmp/0xz  T_2.0, 4;
    %vpi_call 2 24 "$display", "target" {0 0 0};
    %pushi/vec4 0, 0, 4;
    %store/vec4 v0x55c416ea3630_0, 0, 4;
    %vpi_call 2 25 "$display", ";A 3" {0 0 0};
    %pushi/vec4 0, 0, 6;
    %store/vec4 v0x55c416ea3490_0, 0, 6;
    %vpi_call 2 26 "$display", ";A 4" {0 0 0};
    %pushi/vec4 0, 0, 6;
    %store/vec4 v0x55c416ea3210_0, 0, 6;
    %vpi_call 2 27 "$display", ";A 5" {0 0 0};
    %pushi/vec4 0, 0, 9;
    %store/vec4 v0x55c416ea32d0_0, 0, 9;
    %vpi_call 2 28 "$display", ";A 6" {0 0 0};
    %pushi/vec4 0, 0, 6;
    %store/vec4 v0x55c416ea38b0_0, 0, 6;
    %vpi_call 2 29 "$display", ";A 7" {0 0 0};
    %jmp T_2.1;
T_2.0 ;
    %load/vec4 v0x55c416ea3630_0;
    %dup/vec4;
    %pushi/vec4 0, 0, 4;
    %cmp/u;
    %jmp/1 T_2.2, 6;
    %dup/vec4;
    %pushi/vec4 1, 0, 4;
    %cmp/u;
    %jmp/1 T_2.3, 6;
    %dup/vec4;
    %pushi/vec4 2, 0, 4;
    %cmp/u;
    %jmp/1 T_2.4, 6;
    %dup/vec4;
    %pushi/vec4 3, 0, 4;
    %cmp/u;
    %jmp/1 T_2.5, 6;
    %dup/vec4;
    %pushi/vec4 4, 0, 4;
    %cmp/u;
    %jmp/1 T_2.6, 6;
    %dup/vec4;
    %pushi/vec4 5, 0, 4;
    %cmp/u;
    %jmp/1 T_2.7, 6;
    %dup/vec4;
    %pushi/vec4 6, 0, 4;
    %cmp/u;
    %jmp/1 T_2.8, 6;
    %dup/vec4;
    %pushi/vec4 7, 0, 4;
    %cmp/u;
    %jmp/1 T_2.9, 6;
    %dup/vec4;
    %pushi/vec4 8, 0, 4;
    %cmp/u;
    %jmp/1 T_2.10, 6;
    %jmp T_2.11;
T_2.2 ;
    %vpi_call 2 35 "$display", ";A 8" {0 0 0};
    %pushi/vec4 0, 0, 6;
    %store/vec4 v0x55c416ea3210_0, 0, 6;
    %vpi_call 2 36 "$display", ";A 9" {0 0 0};
    %load/vec4 v0x55c416ea37d0_0;
    %store/vec4 v0x55c416ea3490_0, 0, 6;
    %vpi_call 2 37 "$display", ";A 10" {0 0 0};
    %pushi/vec4 0, 0, 6;
    %assign/vec4 v0x55c416ea38b0_0, 1;
    %vpi_call 2 38 "$display", ";A 11" {0 0 0};
    %pushi/vec4 1, 0, 4;
    %store/vec4 v0x55c416ea3630_0, 0, 4;
    %vpi_call 2 39 "$display", ";A 12" {0 0 0};
    %jmp T_2.11;
T_2.3 ;
    %vpi_call 2 43 "$display", ";A 13" {0 0 0};
    %load/vec4 v0x55c416ea37d0_0;
    %store/vec4 v0x55c416ea3490_0, 0, 6;
    %vpi_call 2 44 "$display", ";A 14" {0 0 0};
    %load/vec4 v0x55c416ea3710_0;
    %cmpi/e 1, 0, 1;
    %jmp/0xz  T_2.12, 4;
    %vpi_call 2 46 "$display", ";A 15" {0 0 0};
    %pushi/vec4 1, 0, 4;
    %store/vec4 v0x55c416ea3630_0, 0, 4;
    %vpi_call 2 47 "$display", ";A 17" {0 0 0};
    %jmp T_2.13;
T_2.12 ;
    %vpi_call 2 50 "$display", ";A 16" {0 0 0};
    %pushi/vec4 2, 0, 4;
    %store/vec4 v0x55c416ea3630_0, 0, 4;
    %vpi_call 2 51 "$display", ";A 18" {0 0 0};
T_2.13 ;
    %jmp T_2.11;
T_2.4 ;
    %vpi_call 2 56 "$display", ";A 19" {0 0 0};
    %load/vec4 v0x55c416ea3490_0;
    %cmpi/e 0, 0, 6;
    %jmp/1 T_2.16, 4;
    %flag_mov 8, 4;
    %load/vec4 v0x55c416ea3490_0;
    %cmpi/e 63, 0, 6;
    %flag_or 4, 8;
T_2.16;
    %jmp/0xz  T_2.14, 4;
    %vpi_call 2 58 "$display", ";A 20" {0 0 0};
    %load/vec4 v0x55c416ea3210_0;
    %cmpi/u 25, 0, 6;
    %jmp/0xz  T_2.17, 5;
    %vpi_call 2 60 "$display", ";A 22" {0 0 0};
    %load/vec4 v0x55c416ea3210_0;
    %addi 1, 0, 6;
    %store/vec4 v0x55c416ea3210_0, 0, 6;
    %vpi_call 2 61 "$display", ";A 24" {0 0 0};
    %jmp T_2.18;
T_2.17 ;
    %vpi_call 2 64 "$display", ";A 23" {0 0 0};
    %pushi/vec4 0, 0, 6;
    %store/vec4 v0x55c416ea3210_0, 0, 6;
    %vpi_call 2 65 "$display", ";A 25" {0 0 0};
T_2.18 ;
    %pushi/vec4 0, 0, 3;
    %load/vec4 v0x55c416ea3490_0;
    %concat/vec4; draw_concat_vec4
    %store/vec4 v0x55c416ea32d0_0, 0, 9;
    %vpi_call 2 67 "$display", ";A 26" {0 0 0};
    %pushi/vec4 8, 0, 4;
    %store/vec4 v0x55c416ea3630_0, 0, 4;
    %vpi_call 2 68 "$display", ";A 27" {0 0 0};
    %jmp T_2.15;
T_2.14 ;
    %vpi_call 2 71 "$display", ";A 21" {0 0 0};
    %load/vec4 v0x55c416ea3490_0;
    %cmpi/u 26, 0, 6;
    %flag_or 5, 4;
    %jmp/0xz  T_2.19, 5;
    %vpi_call 2 73 "$display", ";A 28" {0 0 0};
    %pushi/vec4 3, 0, 4;
    %store/vec4 v0x55c416ea3630_0, 0, 4;
    %vpi_call 2 74 "$display", ";A 30" {0 0 0};
    %jmp T_2.20;
T_2.19 ;
    %vpi_call 2 77 "$display", ";A 29" {0 0 0};
    %pushi/vec4 1, 0, 4;
    %store/vec4 v0x55c416ea3630_0, 0, 4;
    %vpi_call 2 78 "$display", ";A 31" {0 0 0};
T_2.20 ;
T_2.15 ;
    %jmp T_2.11;
T_2.5 ;
    %vpi_call 2 84 "$display", ";A 32" {0 0 0};
    %load/vec4 v0x55c416ea3490_0;
    %parti/s 1, 0, 2;
    %cmpi/e 1, 0, 1;
    %jmp/0xz  T_2.21, 4;
    %vpi_call 2 86 "$display", ";A 33" {0 0 0};
    %pushi/vec4 0, 0, 2;
    %load/vec4 v0x55c416ea3210_0;
    %concat/vec4; draw_concat_vec4
    %concati/vec4 0, 0, 1;
    %store/vec4 v0x55c416ea32d0_0, 0, 9;
    %vpi_call 2 87 "$display", ";A 35" {0 0 0};
    %jmp T_2.22;
T_2.21 ;
    %vpi_call 2 90 "$display", ";A 34" {0 0 0};
    %pushi/vec4 0, 0, 3;
    %load/vec4 v0x55c416ea3210_0;
    %concat/vec4; draw_concat_vec4
    %store/vec4 v0x55c416ea32d0_0, 0, 9;
    %vpi_call 2 91 "$display", ";A 36" {0 0 0};
T_2.22 ;
    %pushi/vec4 4, 0, 4;
    %store/vec4 v0x55c416ea3630_0, 0, 4;
    %vpi_call 2 93 "$display", ";A 37" {0 0 0};
    %jmp T_2.11;
T_2.6 ;
    %vpi_call 2 97 "$display", ";A 38" {0 0 0};
    %load/vec4 v0x55c416ea3490_0;
    %parti/s 1, 1, 2;
    %cmpi/e 1, 0, 1;
    %jmp/0xz  T_2.23, 4;
    %vpi_call 2 99 "$display", ";A 39" {0 0 0};
    %pushi/vec4 0, 0, 3;
    %load/vec4 v0x55c416ea3490_0;
    %concat/vec4; draw_concat_vec4
    %load/vec4 v0x55c416ea32d0_0;
    %add;
    %store/vec4 v0x55c416ea32d0_0, 0, 9;
    %vpi_call 2 100 "$display", ";A 41" {0 0 0};
    %pushi/vec4 5, 0, 4;
    %store/vec4 v0x55c416ea3630_0, 0, 4;
    %vpi_call 2 101 "$display", ";A 42" {0 0 0};
    %jmp T_2.24;
T_2.23 ;
    %vpi_call 2 104 "$display", ";A 40" {0 0 0};
    %pushi/vec4 0, 0, 3;
    %load/vec4 v0x55c416ea3490_0;
    %concat/vec4; draw_concat_vec4
    %load/vec4 v0x55c416ea32d0_0;
    %sub;
    %store/vec4 v0x55c416ea32d0_0, 0, 9;
    %vpi_call 2 105 "$display", ";A 43" {0 0 0};
    %pushi/vec4 6, 0, 4;
    %store/vec4 v0x55c416ea3630_0, 0, 4;
    %vpi_call 2 106 "$display", ";A 44" {0 0 0};
T_2.24 ;
    %jmp T_2.11;
T_2.7 ;
    %vpi_call 2 111 "$display", ";A 45" {0 0 0};
    %load/vec4 v0x55c416ea32d0_0;
    %cmpi/s 26, 0, 9;
    %flag_or 5, 4; GT is !LE
    %flag_inv 5;
    %jmp/0xz  T_2.25, 5;
    %vpi_call 2 113 "$display", ";A 46" {0 0 0};
    %load/vec4 v0x55c416ea32d0_0;
    %subi 26, 0, 9;
    %store/vec4 v0x55c416ea32d0_0, 0, 9;
    %vpi_call 2 114 "$display", ";A 48" {0 0 0};
    %pushi/vec4 5, 0, 4;
    %store/vec4 v0x55c416ea3630_0, 0, 4;
    %vpi_call 2 115 "$display", ";A 49" {0 0 0};
    %jmp T_2.26;
T_2.25 ;
    %vpi_call 2 118 "$display", ";A 47" {0 0 0};
    %pushi/vec4 7, 0, 4;
    %store/vec4 v0x55c416ea3630_0, 0, 4;
    %vpi_call 2 119 "$display", ";A 50" {0 0 0};
T_2.26 ;
    %jmp T_2.11;
T_2.8 ;
    %vpi_call 2 124 "$display", ";A 51" {0 0 0};
    %load/vec4 v0x55c416ea32d0_0;
    %cmpi/s 63, 0, 9;
    %flag_or 5, 4; GT is !LE
    %flag_inv 5;
    %jmp/0xz  T_2.27, 5;
    %vpi_call 2 126 "$display", ";A 52" {0 0 0};
    %load/vec4 v0x55c416ea32d0_0;
    %addi 26, 0, 9;
    %store/vec4 v0x55c416ea32d0_0, 0, 9;
    %vpi_call 2 127 "$display", ";A 54" {0 0 0};
    %pushi/vec4 6, 0, 4;
    %store/vec4 v0x55c416ea3630_0, 0, 4;
    %vpi_call 2 128 "$display", ";A 55" {0 0 0};
    %jmp T_2.28;
T_2.27 ;
    %vpi_call 2 131 "$display", ";A 53" {0 0 0};
    %pushi/vec4 7, 0, 4;
    %store/vec4 v0x55c416ea3630_0, 0, 4;
    %vpi_call 2 132 "$display", ";A 56" {0 0 0};
T_2.28 ;
    %jmp T_2.11;
T_2.9 ;
    %vpi_call 2 137 "$display", ";A 57" {0 0 0};
    %load/vec4 v0x55c416ea3490_0;
    %parti/s 2, 2, 3;
    %cmpi/e 0, 0, 2;
    %jmp/0xz  T_2.29, 4;
    %vpi_call 2 139 "$display", ";A 58" {0 0 0};
    %load/vec4 v0x55c416ea32d0_0;
    %subi 21, 0, 9;
    %store/vec4 v0x55c416ea32d0_0, 0, 9;
    %vpi_call 2 140 "$display", ";A 60" {0 0 0};
    %jmp T_2.30;
T_2.29 ;
    %vpi_call 2 143 "$display", ";A 59" {0 0 0};
    %load/vec4 v0x55c416ea3490_0;
    %parti/s 2, 2, 3;
    %cmpi/e 1, 0, 2;
    %jmp/0xz  T_2.31, 4;
    %vpi_call 2 145 "$display", ";A 61" {0 0 0};
    %load/vec4 v0x55c416ea32d0_0;
    %subi 42, 0, 9;
    %store/vec4 v0x55c416ea32d0_0, 0, 9;
    %vpi_call 2 146 "$display", ";A 63" {0 0 0};
    %jmp T_2.32;
T_2.31 ;
    %vpi_call 2 149 "$display", ";A 62" {0 0 0};
    %load/vec4 v0x55c416ea3490_0;
    %parti/s 2, 2, 3;
    %cmpi/e 2, 0, 2;
    %jmp/0xz  T_2.33, 4;
    %vpi_call 2 151 "$display", ";A 64" {0 0 0};
    %load/vec4 v0x55c416ea32d0_0;
    %addi 7, 0, 9;
    %store/vec4 v0x55c416ea32d0_0, 0, 9;
    %vpi_call 2 152 "$display", ";A 66" {0 0 0};
    %jmp T_2.34;
T_2.33 ;
    %vpi_call 2 155 "$display", ";A 65" {0 0 0};
    %load/vec4 v0x55c416ea32d0_0;
    %addi 28, 0, 9;
    %store/vec4 v0x55c416ea32d0_0, 0, 9;
    %vpi_call 2 156 "$display", ";A 67" {0 0 0};
T_2.34 ;
T_2.32 ;
T_2.30 ;
    %pushi/vec4 8, 0, 4;
    %store/vec4 v0x55c416ea3630_0, 0, 4;
    %vpi_call 2 160 "$display", ";A 68" {0 0 0};
    %jmp T_2.11;
T_2.10 ;
    %vpi_call 2 164 "$display", ";A 69" {0 0 0};
    %load/vec4 v0x55c416ea32d0_0;
    %cmpi/s 0, 0, 9;
    %jmp/0xz  T_2.35, 5;
    %vpi_call 2 166 "$display", ";A 70" {0 0 0};
    %load/vec4 v0x55c416ea33b0_0;
    %parti/s 6, 0, 2;
    %assign/vec4 v0x55c416ea38b0_0, 1;
    %vpi_call 2 167 "$display", ";A 72" {0 0 0};
    %jmp T_2.36;
T_2.35 ;
    %vpi_call 2 170 "$display", ";A 71" {0 0 0};
    %load/vec4 v0x55c416ea32d0_0;
    %parti/s 6, 0, 2;
    %assign/vec4 v0x55c416ea38b0_0, 1;
    %vpi_call 2 171 "$display", ";A 73" {0 0 0};
T_2.36 ;
    %pushi/vec4 1, 0, 4;
    %store/vec4 v0x55c416ea3630_0, 0, 4;
    %vpi_call 2 173 "$display", ";A 74" {0 0 0};
    %jmp T_2.11;
T_2.11 ;
    %pop/vec4 1;
T_2.1 ;
    %jmp T_2;
    .thread T_2;
# The file index is used to find the file name in the following table.
:file_names 3;
    "N/A";
    "<interactive>";
    "conquest_dut.v";
